###############################################################################
#
# IAR ELF Linker V9.10.2.313/W64 for ARM                  17/Dec/2025  15:43:25
# Copyright 2007-2021 IAR Systems AB.
#
#    Output file  =
#        D:\STM\2025_12\Control_Light\EWARM\CONTROL_SHIP_LIGHT\Exe\CONTROL_SHIP_LIGHT.out
#    Map file     =
#        D:\STM\2025_12\Control_Light\EWARM\CONTROL_SHIP_LIGHT\List\CONTROL_SHIP_LIGHT.map
#    Command line =
#        -f
#        D:\STM\2025_12\Control_Light\EWARM\CONTROL_SHIP_LIGHT\List\CONTROL_SHIP_LIGHT.map.rsp
#        (D:\STM\2025_12\Control_Light\EWARM\CONTROL_SHIP_LIGHT\Obj\App\Src\app.o
#        D:\STM\2025_12\Control_Light\EWARM\CONTROL_SHIP_LIGHT\Obj\App\Src\board.o
#        D:\STM\2025_12\Control_Light\EWARM\CONTROL_SHIP_LIGHT\Obj\Common\Src\calculator.o
#        D:\STM\2025_12\Control_Light\EWARM\CONTROL_SHIP_LIGHT\Obj\Application\User\Core\gpio.o
#        D:\STM\2025_12\Control_Light\EWARM\CONTROL_SHIP_LIGHT\Obj\App\Src\interrupt.o
#        D:\STM\2025_12\Control_Light\EWARM\CONTROL_SHIP_LIGHT\Obj\Application\User\Core\iwdg.o
#        D:\STM\2025_12\Control_Light\EWARM\CONTROL_SHIP_LIGHT\Obj\Common\Src\log.o
#        D:\STM\2025_12\Control_Light\EWARM\CONTROL_SHIP_LIGHT\Obj\Application\User\Core\main.o
#        D:\STM\2025_12\Control_Light\EWARM\CONTROL_SHIP_LIGHT\Obj\App\Src\rf_func.o
#        D:\STM\2025_12\Control_Light\EWARM\CONTROL_SHIP_LIGHT\Obj\Si4432\Src\si4432.o
#        D:\STM\2025_12\Control_Light\EWARM\CONTROL_SHIP_LIGHT\Obj\Application\User\Core\spi.o
#        D:\STM\2025_12\Control_Light\EWARM\CONTROL_SHIP_LIGHT\Obj\Application\EWARM\startup_stm32f103xb.o
#        D:\STM\2025_12\Control_Light\EWARM\CONTROL_SHIP_LIGHT\Obj\Drivers\STM32F1xx_HAL_Driver\stm32f1xx_hal.o
#        D:\STM\2025_12\Control_Light\EWARM\CONTROL_SHIP_LIGHT\Obj\Drivers\STM32F1xx_HAL_Driver\stm32f1xx_hal_cortex.o
#        D:\STM\2025_12\Control_Light\EWARM\CONTROL_SHIP_LIGHT\Obj\Drivers\STM32F1xx_HAL_Driver\stm32f1xx_hal_dma.o
#        D:\STM\2025_12\Control_Light\EWARM\CONTROL_SHIP_LIGHT\Obj\Drivers\STM32F1xx_HAL_Driver\stm32f1xx_hal_exti.o
#        D:\STM\2025_12\Control_Light\EWARM\CONTROL_SHIP_LIGHT\Obj\Drivers\STM32F1xx_HAL_Driver\stm32f1xx_hal_flash.o
#        D:\STM\2025_12\Control_Light\EWARM\CONTROL_SHIP_LIGHT\Obj\Drivers\STM32F1xx_HAL_Driver\stm32f1xx_hal_flash_ex.o
#        D:\STM\2025_12\Control_Light\EWARM\CONTROL_SHIP_LIGHT\Obj\Drivers\STM32F1xx_HAL_Driver\stm32f1xx_hal_gpio.o
#        D:\STM\2025_12\Control_Light\EWARM\CONTROL_SHIP_LIGHT\Obj\Drivers\STM32F1xx_HAL_Driver\stm32f1xx_hal_gpio_ex.o
#        D:\STM\2025_12\Control_Light\EWARM\CONTROL_SHIP_LIGHT\Obj\Drivers\STM32F1xx_HAL_Driver\stm32f1xx_hal_iwdg.o
#        D:\STM\2025_12\Control_Light\EWARM\CONTROL_SHIP_LIGHT\Obj\Application\User\Core\stm32f1xx_hal_msp.o
#        D:\STM\2025_12\Control_Light\EWARM\CONTROL_SHIP_LIGHT\Obj\Drivers\STM32F1xx_HAL_Driver\stm32f1xx_hal_pwr.o
#        D:\STM\2025_12\Control_Light\EWARM\CONTROL_SHIP_LIGHT\Obj\Drivers\STM32F1xx_HAL_Driver\stm32f1xx_hal_rcc.o
#        D:\STM\2025_12\Control_Light\EWARM\CONTROL_SHIP_LIGHT\Obj\Drivers\STM32F1xx_HAL_Driver\stm32f1xx_hal_rcc_ex.o
#        D:\STM\2025_12\Control_Light\EWARM\CONTROL_SHIP_LIGHT\Obj\Drivers\STM32F1xx_HAL_Driver\stm32f1xx_hal_spi.o
#        D:\STM\2025_12\Control_Light\EWARM\CONTROL_SHIP_LIGHT\Obj\Drivers\STM32F1xx_HAL_Driver\stm32f1xx_hal_tim.o
#        D:\STM\2025_12\Control_Light\EWARM\CONTROL_SHIP_LIGHT\Obj\Drivers\STM32F1xx_HAL_Driver\stm32f1xx_hal_tim_ex.o
#        D:\STM\2025_12\Control_Light\EWARM\CONTROL_SHIP_LIGHT\Obj\Drivers\STM32F1xx_HAL_Driver\stm32f1xx_hal_uart.o
#        D:\STM\2025_12\Control_Light\EWARM\CONTROL_SHIP_LIGHT\Obj\Application\User\Core\stm32f1xx_it.o
#        D:\STM\2025_12\Control_Light\EWARM\CONTROL_SHIP_LIGHT\Obj\Drivers\CMSIS\system_stm32f1xx.o
#        D:\STM\2025_12\Control_Light\EWARM\CONTROL_SHIP_LIGHT\Obj\Application\User\Core\tim.o
#        D:\STM\2025_12\Control_Light\EWARM\CONTROL_SHIP_LIGHT\Obj\Application\User\Core\usart.o
#        --no_out_extension -o
#        D:\STM\2025_12\Control_Light\EWARM\CONTROL_SHIP_LIGHT\Exe\CONTROL_SHIP_LIGHT.out
#        --redirect _Printf=_PrintfFullNoMb --redirect _Scanf=_ScanfFullNoMb
#        --map
#        D:\STM\2025_12\Control_Light\EWARM\CONTROL_SHIP_LIGHT\List\CONTROL_SHIP_LIGHT.map
#        --config D:\STM\2025_12\Control_Light\EWARM/stm32f103xb_flash.icf
#        --semihosting --entry __iar_program_start --vfe --text_out locale)
#
###############################################################################

*******************************************************************************
*** RUNTIME MODEL ATTRIBUTES
***

CppFlavor       = *
__SystemLibrary = DLib
__dlib_version  = 6


*******************************************************************************
*** HEAP SELECTION
***

The basic heap was selected because no calls to memory allocation
functions were found in the application outside of system library
functions, and there are calls to deallocation functions in the
application.


*******************************************************************************
*** PLACEMENT SUMMARY
***

"A0":  place at address 0x800'0000 { ro section .intvec };
"P1":  place in [from 0x800'0000 to 0x801'ffff] { ro };
define block CSTACK with size = 4K, alignment = 8 { };
define block HEAP with size = 512, alignment = 8 { };
"P2":  place in [from 0x2000'0000 to 0x2000'4fff] {
          rw, block CSTACK, block HEAP };
initialize by copy { rw };

  Section            Kind         Address    Size  Object
  -------            ----         -------    ----  ------
"A0":                                        0xec
  .intvec            ro code   0x800'0000    0xec  startup_stm32f103xb.o [2]
                             - 0x800'00ec    0xec

"P1":                                      0x45bc
  .text              ro code   0x800'00ec   0xf2e  xprintffull_nomb.o [8]
  .text              ro code   0x800'101a    0x2a  copy_init3.o [10]
  .text              ro code   0x800'1044    0x16  strchr.o [10]
  .text              ro code   0x800'105a     0xa  xsprout.o [8]
  .text              ro code   0x800'1064    0x40  xfail_s.o [8]
  .text              ro code   0x800'10a4    0x14  strlen_small.o [10]
  .text              ro code   0x800'10b8    0x58  memchr.o [10]
  .text              ro code   0x800'1110    0x18  ABImemcpy_small.o [10]
  .text              ro code   0x800'1128    0x70  frexp.o [9]
  .text              ro code   0x800'1198    0x34  DblCmpLe.o [9]
  .text              ro code   0x800'11cc    0x34  DblCmpGe.o [9]
  .text              ro code   0x800'1200   0x13a  ldexp.o [9]
  .rodata            const     0x800'133a     0x2  xlocale_c.o [8]
  .text              ro code   0x800'133c    0x36  DblToS32.o [9]
  .rodata            const     0x800'1372     0x1  xlocale_c.o [8]
  .text              ro code   0x800'1374    0x22  S32ToDbl.o [9]
  .text              ro code   0x800'1398   0x24e  DblAddSub.o [9]
  .text              ro code   0x800'15e8   0x246  DblDiv.o [9]
  .text              ro code   0x800'1830    0x22  DblToU32.o [9]
  .text              ro code   0x800'1854    0x1c  U32ToDbl.o [9]
  .text              ro code   0x800'1870   0x1aa  DblMul.o [9]
  .text              ro code   0x800'1a1c     0x8  xlocale_c.o [8]
  .text              ro code   0x800'1a24   0x230  I64DivMod.o [10]
  .text              ro code   0x800'1c54     0x6  abort.o [8]
  .text              ro code   0x800'1c5c     0x2  I64DivZer.o [10]
  .text              ro code   0x800'1c60    0x14  exit.o [11]
  .text              ro code   0x800'1c74   0x69c  stm32f1xx_hal_uart.o [6]
  .text              ro code   0x800'2310   0x144  usart.o [3]
  .text              ro code   0x800'2454     0xc  stm32f1xx_hal.o [6]
  .text              ro code   0x800'2460   0x100  stm32f1xx_hal_dma.o [6]
  .text              ro code   0x800'2560     0x2  stm32f1xx_hal_uart.o [6]
  .text              ro code   0x800'2562     0x2  stm32f1xx_hal_uart.o [6]
  .text              ro code   0x800'2564     0x2  stm32f1xx_hal_uart.o [6]
  .text              ro code   0x800'2568    0xf4  interrupt.o [1]
  .text              ro code   0x800'265c   0x4be  stm32f1xx_hal_rcc.o [6]
  .text              ro code   0x800'2b1c    0x3c  main.o [3]
  .text              ro code   0x800'2b58    0x14  memset.o [10]
  .text              ro code   0x800'2b6c   0x1f0  stm32f1xx_hal_gpio.o [6]
  .text              ro code   0x800'2d5c    0xc4  stm32f1xx_hal_cortex.o [6]
  .text              ro code   0x800'2e20   0x258  si4432.o [7]
  .text              ro code   0x800'3078    0x40  stm32f1xx_hal.o [6]
  .text              ro code   0x800'30b8   0x1b8  board.o [1]
  .text              ro code   0x800'3270   0x264  app.o [1]
  .text              ro code   0x800'34d4    0x20  rf_func.o [1]
  .text              ro code   0x800'34f4    0x66  ABImemset.o [10]
  .text              ro code   0x800'355c   0x52c  stm32f1xx_hal_spi.o [6]
  .text              ro code   0x800'3a88    0x40  sprintf.o [8]
  .text              ro code   0x800'3ac8    0xac  log.o [4]
  .text              ro code   0x800'3b74    0x28  stm32f1xx_hal.o [6]
  .text              ro code   0x800'3b9c     0x6  ABImemclr4.o [10]
  .text              ro code   0x800'3ba4    0x24  stm32f1xx_hal.o [6]
  .text              ro code   0x800'3bc8   0x158  gpio.o [3]
  .text              ro code   0x800'3d20    0xf8  tim.o [3]
  .text              ro code   0x800'3e18    0x2c  iwdg.o [3]
  .text              ro code   0x800'3e44    0xbc  spi.o [3]
  .text              ro code   0x800'3f00   0x388  stm32f1xx_hal_tim.o [6]
  .text              ro code   0x800'4288    0x62  stm32f1xx_hal_iwdg.o [6]
  .text              ro code   0x800'42ea    0x30  calculator.o [4]
  .text              ro code   0x800'431c    0x32  ABImemset48.o [10]
  .text              ro code   0x800'4350    0x44  stm32f1xx_hal_msp.o [3]
  .text              ro code   0x800'4394    0x64  stm32f1xx_hal_tim_ex.o [6]
  .text              ro code   0x800'43f8     0x2  stm32f1xx_hal_tim.o [6]
  .text              ro code   0x800'43fa     0x2  stm32f1xx_hal_tim.o [6]
  .text              ro code   0x800'43fc     0x2  stm32f1xx_hal_tim_ex.o [6]
  .text              ro code   0x800'43fe     0x2  stm32f1xx_hal_tim.o [6]
  .text              ro code   0x800'4400     0x2  stm32f1xx_hal_tim_ex.o [6]
  .text              ro code   0x800'4402     0x2  stm32f1xx_hal_tim.o [6]
  .rodata            const     0x800'4404    0x70  si4432.o [7]
  Initializer bytes  const     0x800'4474    0x48  <for P2-1>
  .text              ro code   0x800'44bc    0x44  stm32f1xx_it.o [3]
  .text              ro code   0x800'4500    0x10  stm32f1xx_hal.o [6]
  .text              ro code   0x800'4510    0x38  zero_init3.o [10]
  .text              ro code   0x800'4548    0x28  data_init.o [10]
  .iar.init_table    const     0x800'4570    0x24  - Linker created -
  .text              ro code   0x800'4594    0x1e  cmain.o [10]
  .text              ro code   0x800'45b2     0x4  low_level_init.o [8]
  .text              ro code   0x800'45b6     0x4  exit.o [8]
  .text              ro code   0x800'45bc     0xa  cexit.o [10]
  .text              ro code   0x800'45c8    0x1c  cstartup_M.o [10]
  .text              ro code   0x800'45e4    0x14  system_stm32f1xx.o [5]
  .text              ro code   0x800'45f8    0x10  startup_stm32f103xb.o [2]
  .rodata            const     0x800'4608     0x8  system_stm32f1xx.o [5]
  .text              ro code   0x800'4610     0x4  startup_stm32f103xb.o [2]
  .text              ro code   0x800'4614     0x4  startup_stm32f103xb.o [2]
  .text              ro code   0x800'4618     0x4  startup_stm32f103xb.o [2]
  .text              ro code   0x800'461c     0x4  startup_stm32f103xb.o [2]
  .text              ro code   0x800'4620     0x4  startup_stm32f103xb.o [2]
  .text              ro code   0x800'4624     0x4  startup_stm32f103xb.o [2]
  .text              ro code   0x800'4628     0x4  startup_stm32f103xb.o [2]
  .text              ro code   0x800'462c     0x4  startup_stm32f103xb.o [2]
  .text              ro code   0x800'4630     0x4  startup_stm32f103xb.o [2]
  .text              ro code   0x800'4634     0x4  startup_stm32f103xb.o [2]
  .text              ro code   0x800'4638     0x4  startup_stm32f103xb.o [2]
  .text              ro code   0x800'463c     0x4  startup_stm32f103xb.o [2]
  .text              ro code   0x800'4640     0x4  startup_stm32f103xb.o [2]
  .text              ro code   0x800'4644     0x4  startup_stm32f103xb.o [2]
  .text              ro code   0x800'4648     0x4  startup_stm32f103xb.o [2]
  .text              ro code   0x800'464c     0x4  startup_stm32f103xb.o [2]
  .text              ro code   0x800'4650     0x4  startup_stm32f103xb.o [2]
  .text              ro code   0x800'4654     0x4  startup_stm32f103xb.o [2]
  .text              ro code   0x800'4658     0x4  startup_stm32f103xb.o [2]
  .text              ro code   0x800'465c     0x4  startup_stm32f103xb.o [2]
  .text              ro code   0x800'4660     0x4  startup_stm32f103xb.o [2]
  .text              ro code   0x800'4664     0x4  startup_stm32f103xb.o [2]
  .text              ro code   0x800'4668     0x4  startup_stm32f103xb.o [2]
  .text              ro code   0x800'466c     0x4  startup_stm32f103xb.o [2]
  .text              ro code   0x800'4670     0x4  startup_stm32f103xb.o [2]
  .text              ro code   0x800'4674     0x4  startup_stm32f103xb.o [2]
  .text              ro code   0x800'4678     0x4  startup_stm32f103xb.o [2]
  .text              ro code   0x800'467c     0x4  startup_stm32f103xb.o [2]
  .text              ro code   0x800'4680     0x4  startup_stm32f103xb.o [2]
  .text              ro code   0x800'4684     0x4  startup_stm32f103xb.o [2]
  .text              ro code   0x800'4688     0x4  startup_stm32f103xb.o [2]
  .text              ro code   0x800'468c     0x4  startup_stm32f103xb.o [2]
  .text              ro code   0x800'4690     0x4  startup_stm32f103xb.o [2]
  .text              ro code   0x800'4694     0x4  startup_stm32f103xb.o [2]
  .text              ro code   0x800'4698     0x4  startup_stm32f103xb.o [2]
  .text              ro code   0x800'469c     0x4  startup_stm32f103xb.o [2]
  .text              ro code   0x800'46a0     0x4  startup_stm32f103xb.o [2]
  .text              ro code   0x800'46a4     0x4  startup_stm32f103xb.o [2]
  .rodata            const     0x800'46a8     0x0  zero_init3.o [10]
  .rodata            const     0x800'46a8     0x0  copy_init3.o [10]
                             - 0x800'46a8  0x45bc

"P2", part 1 of 3:                           0x48
  P2-1                        0x2000'0000    0x48  <Init block>
    .data            inited   0x2000'0000     0xc  stm32f1xx_hal.o [6]
    .data            inited   0x2000'000c     0x4  system_stm32f1xx.o [5]
    .data            inited   0x2000'0010    0x38  xlocale_c.o [8]
                            - 0x2000'0048    0x48

"P2", part 2 of 3:                          0x2f4
  .bss               zero     0x2000'0048    0x78  log.o [4]
  .bss               zero     0x2000'00c0    0x6c  board.o [1]
  .bss               zero     0x2000'012c    0x58  spi.o [3]
  .bss               zero     0x2000'0184    0x48  tim.o [3]
  .bss               zero     0x2000'01cc    0x48  tim.o [3]
  .bss               zero     0x2000'0214    0x48  usart.o [3]
  .bss               zero     0x2000'025c    0x48  usart.o [3]
  .bss               zero     0x2000'02a4    0x44  rf_func.o [1]
  .bss               zero     0x2000'02e8    0x20  board.o [1]
  .bss               zero     0x2000'0308     0xc  iwdg.o [3]
  .bss               zero     0x2000'0314     0x8  board.o [1]
  .bss               zero     0x2000'031c     0x8  interrupt.o [1]
  .bss               zero     0x2000'0324     0x5  app.o [1]
  .bss               zero     0x2000'0329     0x2  board.o [1]
  .bss               zero     0x2000'032b     0x1  log.o [4]
  .bss               zero     0x2000'032c     0x4  app.o [1]
  .bss               zero     0x2000'0330     0x4  xfail_s.o [8]
  .bss               zero     0x2000'0334     0x2  log.o [4]
  .bss               zero     0x2000'0336     0x2  si4432.o [7]
  .bss               zero     0x2000'0338     0x1  si4432.o [7]
                            - 0x2000'0339   0x2f1

"P2", part 3 of 3:                         0x1000
  CSTACK                      0x2000'0340  0x1000  <Block>
    CSTACK           uninit   0x2000'0340  0x1000  <Block tail>
                            - 0x2000'1340  0x1000

Unused ranges:

         From           To      Size
         ----           --      ----
   0x800'46a8   0x801'ffff  0x1'b958
  0x2000'033c  0x2000'033f       0x4
  0x2000'1340  0x2000'4fff    0x3cc0


*******************************************************************************
*** INIT TABLE
***

          Address      Size
          -------      ----
Zero (__iar_zero_init3)
    1 destination range, total size 0x2f1:
          0x2000'0048  0x2f1

Copy (__iar_copy_init3)
    1 source range, total size 0x48:
           0x800'4474   0x48
    1 destination range, total size 0x48:
          0x2000'0000   0x48



*******************************************************************************
*** MODULE SUMMARY
***

    Module                  ro code  ro data  rw data
    ------                  -------  -------  -------
command line/config:
    -------------------------------------------------
    Total:

D:\STM\2025_12\Control_Light\EWARM\CONTROL_SHIP_LIGHT\Obj\App\Src: [1]
    app.o                       612                 9
    board.o                     440               150
    interrupt.o                 244                 8
    rf_func.o                    32                68
    -------------------------------------------------
    Total:                    1'328               235

D:\STM\2025_12\Control_Light\EWARM\CONTROL_SHIP_LIGHT\Obj\Application\EWARM: [2]
    startup_stm32f103xb.o       404
    -------------------------------------------------
    Total:                      404

D:\STM\2025_12\Control_Light\EWARM\CONTROL_SHIP_LIGHT\Obj\Application\User\Core: [3]
    gpio.o                      344
    iwdg.o                       44                12
    main.o                       60
    spi.o                       188                88
    stm32f1xx_hal_msp.o          68
    stm32f1xx_it.o               68
    tim.o                       248               144
    usart.o                     324               144
    -------------------------------------------------
    Total:                    1'344               388

D:\STM\2025_12\Control_Light\EWARM\CONTROL_SHIP_LIGHT\Obj\Common\Src: [4]
    calculator.o                 48
    log.o                       172               123
    -------------------------------------------------
    Total:                      220               123

D:\STM\2025_12\Control_Light\EWARM\CONTROL_SHIP_LIGHT\Obj\Drivers\CMSIS: [5]
    system_stm32f1xx.o           20       12        4
    -------------------------------------------------
    Total:                       20       12        4

D:\STM\2025_12\Control_Light\EWARM\CONTROL_SHIP_LIGHT\Obj\Drivers\STM32F1xx_HAL_Driver: [6]
    stm32f1xx_hal.o             168       12       12
    stm32f1xx_hal_cortex.o      196
    stm32f1xx_hal_dma.o         256
    stm32f1xx_hal_gpio.o        496
    stm32f1xx_hal_iwdg.o         98
    stm32f1xx_hal_rcc.o       1'214
    stm32f1xx_hal_spi.o       1'324
    stm32f1xx_hal_tim.o         912
    stm32f1xx_hal_tim_ex.o      104
    stm32f1xx_hal_uart.o      1'698
    -------------------------------------------------
    Total:                    6'466       12       12

D:\STM\2025_12\Control_Light\EWARM\CONTROL_SHIP_LIGHT\Obj\Si4432\Src: [7]
    si4432.o                    600      112        3
    -------------------------------------------------
    Total:                      600      112        3

dl7M_tlf.a: [8]
    abort.o                       6
    exit.o                        4
    low_level_init.o              4
    sprintf.o                    64
    xfail_s.o                    64                 4
    xlocale_c.o                   8       59       56
    xprintffull_nomb.o        3'886
    xsprout.o                    10
    -------------------------------------------------
    Total:                    4'046       59       60

m7M_tl.a: [9]
    DblAddSub.o                 590
    DblCmpGe.o                   52
    DblCmpLe.o                   52
    DblDiv.o                    582
    DblMul.o                    426
    DblToS32.o                   54
    DblToU32.o                   34
    S32ToDbl.o                   34
    U32ToDbl.o                   28
    frexp.o                     112
    ldexp.o                     314
    -------------------------------------------------
    Total:                    2'278

rt7M_tl.a: [10]
    ABImemclr4.o                  6
    ABImemcpy_small.o            24
    ABImemset.o                 102
    ABImemset48.o                50
    I64DivMod.o                 560
    I64DivZer.o                   2
    cexit.o                      10
    cmain.o                      30
    copy_init3.o                 42
    cstartup_M.o                 28
    data_init.o                  40
    memchr.o                     88
    memset.o                     20
    strchr.o                     22
    strlen_small.o               20
    zero_init3.o                 56
    -------------------------------------------------
    Total:                    1'100

shb_l.a: [11]
    exit.o                       20
    -------------------------------------------------
    Total:                       20

    Gaps                         31
    Linker created                        36    4'096
-----------------------------------------------------
    Grand Total:             17'857      231    4'921


*******************************************************************************
*** ENTRY LIST
***

Entry                       Address   Size  Type      Object
-----                       -------   ----  ----      ------
.iar.init_table$$Base    0x800'4570          --   Gb  - Linker created -
.iar.init_table$$Limit   0x800'4594          --   Gb  - Linker created -
?main                    0x800'4595         Code  Gb  cmain.o [10]
AHBPrescTable            0x800'45e8   0x10  Data  Gb  system_stm32f1xx.o [5]
APBPrescTable            0x800'4608    0x8  Data  Gb  system_stm32f1xx.o [5]
Address                 0x2000'0314    0x8  Data  Gb  board.o [1]
Beacon                  0x2000'02e8   0x20  Data  Gb  board.o [1]
BusFault_Handler         0x800'44c3    0x2  Code  Gb  stm32f1xx_it.o [3]
CSTACK$$Base            0x2000'0340          --   Gb  - Linker created -
CSTACK$$Limit           0x2000'1340          --   Gb  - Linker created -
Config_Module            0x800'3271   0x88  Code  Gb  app.o [1]
DBG_SendBuffer           0x800'3b1b   0x38  Code  Gb  log.o [4]
DBG_SendStr              0x800'3ac9   0x52  Code  Gb  log.o [4]
DebugMon_Handler         0x800'44c9    0x2  Code  Gb  stm32f1xx_it.o [3]
EXTI1_IRQHandler         0x800'44d1    0x6  Code  Gb  stm32f1xx_it.o [3]
Error_Handler            0x800'2b55    0x4  Code  Gb  main.o [3]
HAL_DMA_Abort            0x800'2461   0x4a  Code  Gb  stm32f1xx_hal_dma.o [6]
HAL_DMA_Abort_IT         0x800'24ab   0x9a  Code  Gb  stm32f1xx_hal_dma.o [6]
HAL_Delay                0x800'3b75   0x28  Code  Gb  stm32f1xx_hal.o [6]
HAL_GPIO_EXTI_Callback   0x800'2569   0x3a  Code  Gb  interrupt.o [1]
HAL_GPIO_EXTI_IRQHandler
                         0x800'2d11   0x10  Code  Gb  stm32f1xx_hal_gpio.o [6]
HAL_GPIO_Init            0x800'2b6d  0x180  Code  Gb  stm32f1xx_hal_gpio.o [6]
HAL_GPIO_ReadPin         0x800'2ced    0xc  Code  Gb  stm32f1xx_hal_gpio.o [6]
HAL_GPIO_TogglePin       0x800'2d01   0x10  Code  Gb  stm32f1xx_hal_gpio.o [6]
HAL_GPIO_WritePin        0x800'2cf9    0x8  Code  Gb  stm32f1xx_hal_gpio.o [6]
HAL_GetTick              0x800'2455    0xc  Code  Gb  stm32f1xx_hal.o [6]
HAL_IWDG_Init            0x800'4289   0x56  Code  Gb  stm32f1xx_hal_iwdg.o [6]
HAL_IWDG_Refresh         0x800'42df    0xc  Code  Gb  stm32f1xx_hal_iwdg.o [6]
HAL_IncTick              0x800'4501   0x10  Code  Gb  stm32f1xx_hal.o [6]
HAL_Init                 0x800'3ba5   0x20  Code  Gb  stm32f1xx_hal.o [6]
HAL_InitTick             0x800'3079   0x40  Code  Gb  stm32f1xx_hal.o [6]
HAL_MspInit              0x800'4351   0x44  Code  Gb  stm32f1xx_hal_msp.o [3]
HAL_NVIC_EnableIRQ       0x800'2dcb   0x16  Code  Gb  stm32f1xx_hal_cortex.o [6]
HAL_NVIC_SetPriority     0x800'2d91   0x3a  Code  Gb  stm32f1xx_hal_cortex.o [6]
HAL_NVIC_SetPriorityGrouping
                         0x800'2d77   0x1a  Code  Gb  stm32f1xx_hal_cortex.o [6]
HAL_RCC_ClockConfig      0x800'2971   0xf4  Code  Gb  stm32f1xx_hal_rcc.o [6]
HAL_RCC_GetPCLK1Freq     0x800'2ab3   0x10  Code  Gb  stm32f1xx_hal_rcc.o [6]
HAL_RCC_GetPCLK2Freq     0x800'2ac3    0xe  Code  Gb  stm32f1xx_hal_rcc.o [6]
HAL_RCC_GetSysClockFreq
                         0x800'2a79   0x3a  Code  Gb  stm32f1xx_hal_rcc.o [6]
HAL_RCC_GetSysClockFreq::aPLLMULFactorTable
                         0x800'2b08   0x10  Data  Lc  stm32f1xx_hal_rcc.o [6]
HAL_RCC_GetSysClockFreq::aPredivFactorTable
                         0x800'2b18    0x2  Data  Lc  stm32f1xx_hal_rcc.o [6]
HAL_RCC_OscConfig        0x800'265d  0x30c  Code  Gb  stm32f1xx_hal_rcc.o [6]
HAL_SPI_Init             0x800'355d   0xaa  Code  Gb  stm32f1xx_hal_spi.o [6]
HAL_SPI_MspInit          0x800'3e81   0x70  Code  Gb  spi.o [3]
HAL_SPI_Transmit         0x800'3607  0x158  Code  Gb  stm32f1xx_hal_spi.o [6]
HAL_SPI_TransmitReceive
                         0x800'3785  0x1e4  Code  Gb  stm32f1xx_hal_spi.o [6]
HAL_SYSTICK_Config       0x800'2de1   0x28  Code  Gb  stm32f1xx_hal_cortex.o [6]
HAL_TIMEx_BreakCallback
                         0x800'43fd    0x2  Code  Gb  stm32f1xx_hal_tim_ex.o [6]
HAL_TIMEx_CommutCallback
                         0x800'4401    0x2  Code  Gb  stm32f1xx_hal_tim_ex.o [6]
HAL_TIMEx_MasterConfigSynchronization
                         0x800'4395   0x56  Code  Gb  stm32f1xx_hal_tim_ex.o [6]
HAL_TIM_Base_Init        0x800'3f01   0x1a  Code  Gb  stm32f1xx_hal_tim.o [6]
HAL_TIM_Base_MspInit     0x800'3dad   0x5a  Code  Gb  tim.o [3]
HAL_TIM_Base_Start_IT    0x800'3f1b   0x54  Code  Gb  stm32f1xx_hal_tim.o [6]
HAL_TIM_ConfigClockSource
                         0x800'40d9   0xaa  Code  Gb  stm32f1xx_hal_tim.o [6]
HAL_TIM_IC_CaptureCallback
                         0x800'43f9    0x2  Code  Gb  stm32f1xx_hal_tim.o [6]
HAL_TIM_IRQHandler       0x800'3fa9  0x12a  Code  Gb  stm32f1xx_hal_tim.o [6]
HAL_TIM_OC_DelayElapsedCallback
                         0x800'43fb    0x2  Code  Gb  stm32f1xx_hal_tim.o [6]
HAL_TIM_PWM_PulseFinishedCallback
                         0x800'4403    0x2  Code  Gb  stm32f1xx_hal_tim.o [6]
HAL_TIM_PeriodElapsedCallback
                         0x800'25a3   0x56  Code  Gb  interrupt.o [1]
HAL_TIM_TriggerCallback
                         0x800'43ff    0x2  Code  Gb  stm32f1xx_hal_tim.o [6]
HAL_UARTEx_RxEventCallback
                         0x800'2563    0x2  Code  Gb  stm32f1xx_hal_uart.o [6]
HAL_UART_ErrorCallback   0x800'2561    0x2  Code  Gb  stm32f1xx_hal_uart.o [6]
HAL_UART_IRQHandler      0x800'1dd5  0x286  Code  Gb  stm32f1xx_hal_uart.o [6]
HAL_UART_Init            0x800'1c75   0x1e  Code  Gb  stm32f1xx_hal_uart.o [6]
HAL_UART_MspInit         0x800'2355   0xe2  Code  Gb  usart.o [3]
HAL_UART_Receive_IT      0x800'1d93   0x26  Code  Gb  stm32f1xx_hal_uart.o [6]
HAL_UART_RxCpltCallback
                         0x800'25f9   0x22  Code  Gb  interrupt.o [1]
HAL_UART_Transmit        0x800'1cef   0x9c  Code  Gb  stm32f1xx_hal_uart.o [6]
HAL_UART_TxCpltCallback
                         0x800'2565    0x2  Code  Gb  stm32f1xx_hal_uart.o [6]
HardFault_Handler        0x800'44bf    0x2  Code  Gb  stm32f1xx_it.o [3]
LED_Blink               0x2000'031c    0x2  Data  Gb  interrupt.o [1]
Lora_u8Seq              0x2000'0328    0x1  Data  Gb  app.o [1]
MX_GPIO_Init             0x800'3bc9  0x128  Code  Gb  gpio.o [3]
MX_IWDG_Init             0x800'3e19   0x2c  Code  Gb  iwdg.o [3]
MX_SPI2_Init             0x800'3e45   0x3c  Code  Gb  spi.o [3]
MX_TIM2_Init             0x800'3d21   0x1c  Code  Gb  tim.o [3]
MX_TIM3_Init             0x800'3d3d   0x18  Code  Gb  tim.o [3]
MX_USART1_UART_Init      0x800'2311   0x10  Code  Gb  usart.o [3]
MX_USART3_UART_Init      0x800'2321   0x10  Code  Gb  usart.o [3]
MaskState               0x2000'032c    0x4  Data  Gb  app.o [1]
MemManage_Handler        0x800'44c1    0x2  Code  Gb  stm32f1xx_it.o [3]
NMI_Handler              0x800'44bd    0x2  Code  Gb  stm32f1xx_it.o [3]
Output                  0x2000'00c0   0x6c  Data  Gb  board.o [1]
Output_Init              0x800'311f   0x8c  Code  Gb  board.o [1]
Output_Process           0x800'33f3   0x2c  Code  Gb  app.o [1]
PendSV_Handler           0x800'44cb    0x2  Code  Gb  stm32f1xx_it.o [3]
Region$$Table$$Base      0x800'4570          --   Gb  - Linker created -
Region$$Table$$Limit     0x800'4594          --   Gb  - Linker created -
Rf                      0x2000'02a4   0x44  Data  Gb  rf_func.o [1]
Rf_Config                0x800'33d7   0x1c  Code  Gb  app.o [1]
Rf_Init                  0x800'34d5   0x12  Code  Gb  rf_func.o [1]
Rf_ModeRx                0x800'34f1    0x4  Code  Gb  rf_func.o [1]
Rf_RecProcess            0x800'3301   0xca  Code  Gb  app.o [1]
Rf_ReceiveData           0x800'34ed    0x4  Code  Gb  rf_func.o [1]
SPI_EndRxTxTransaction   0x800'3a4b   0x2c  Code  Lc  stm32f1xx_hal_spi.o [6]
SPI_WaitFlagStateUntilTimeout
                         0x800'3997   0xb4  Code  Lc  stm32f1xx_hal_spi.o [6]
SVC_Handler              0x800'44c7    0x2  Code  Gb  stm32f1xx_it.o [3]
SetupInit                0x800'31ab   0x46  Code  Gb  board.o [1]
Si4432_ClearFlag         0x800'2e8b   0x16  Code  Gb  si4432.o [7]
Si4432_ConfigFreg::addr
                         0x800'4404   0x38  Data  Lc  si4432.o [7]
Si4432_ConfigFreg::val   0x800'443c   0x38  Data  Lc  si4432.o [7]
Si4432_Init              0x800'2f79   0x74  Code  Gb  si4432.o [7]
Si4432_IntStatus1       0x2000'0336    0x1  Data  Gb  si4432.o [7]
Si4432_IntStatus2       0x2000'0337    0x1  Data  Gb  si4432.o [7]
Si4432_ModeRx            0x800'2ec7   0x2a  Code  Gb  si4432.o [7]
Si4432_ModeStandBy       0x800'2ef9    0x8  Code  Gb  si4432.o [7]
Si4432_ReadReg           0x800'2e55   0x36  Code  Gb  si4432.o [7]
Si4432_ReceiveData       0x800'2f05   0x6c  Code  Gb  si4432.o [7]
Si4432_SetChannel        0x800'2ea1   0x26  Code  Gb  si4432.o [7]
Si4432_WriteReg          0x800'2e21   0x28  Code  Gb  si4432.o [7]
StartUp                  0x800'31f1   0x4c  Code  Gb  board.o [1]
State                   0x2000'0324    0x4  Data  Gb  app.o [1]
SysTick_Handler          0x800'44cd    0x4  Code  Gb  stm32f1xx_it.o [3]
SystemClock_Config       0x800'30b9   0x66  Code  Gb  board.o [1]
SystemCoreClock         0x2000'000c    0x4  Data  Gb  system_stm32f1xx.o [5]
SystemInit               0x800'45e5    0x2  Code  Gb  system_stm32f1xx.o [5]
TIM2_IRQHandler          0x800'44d7    0x6  Code  Gb  stm32f1xx_it.o [3]
TIM3_IRQHandler          0x800'44dd    0x6  Code  Gb  stm32f1xx_it.o [3]
TIM_Base_SetConfig       0x800'419d   0x6c  Code  Gb  stm32f1xx_hal_tim.o [6]
TIM_ETR_SetConfig        0x800'426f   0x14  Code  Gb  stm32f1xx_hal_tim.o [6]
TIM_ITRx_SetConfig       0x800'425f   0x10  Code  Lc  stm32f1xx_hal_tim.o [6]
TIM_TI1_ConfigInputStage
                         0x800'421d   0x1e  Code  Lc  stm32f1xx_hal_tim.o [6]
TIM_TI2_ConfigInputStage
                         0x800'423b   0x24  Code  Lc  stm32f1xx_hal_tim.o [6]
UART_DMAAbortOnError     0x800'21b1    0xc  Code  Lc  stm32f1xx_hal_uart.o [6]
UART_EndRxTransfer       0x800'216f   0x34  Code  Lc  stm32f1xx_hal_uart.o [6]
UART_Receive_IT          0x800'21bd   0xb4  Code  Lc  stm32f1xx_hal_uart.o [6]
UART_SetConfig           0x800'228d   0x78  Code  Lc  stm32f1xx_hal_uart.o [6]
UART_Start_Receive_IT    0x800'211d   0x30  Code  Gb  stm32f1xx_hal_uart.o [6]
UART_WaitOnFlagUntilTimeout
                         0x800'20a5   0x78  Code  Lc  stm32f1xx_hal_uart.o [6]
USART1_IRQHandler        0x800'44e3    0x6  Code  Gb  stm32f1xx_it.o [3]
USART3_IRQHandler        0x800'44e9    0x6  Code  Gb  stm32f1xx_it.o [3]
UsageFault_Handler       0x800'44c5    0x2  Code  Gb  stm32f1xx_it.o [3]
WDT_Clear                0x800'323d    0x6  Code  Gb  board.o [1]
XOR_Cal                  0x800'42eb   0x1c  Code  Gb  calculator.o [4]
XOR_Check                0x800'4307   0x14  Code  Gb  calculator.o [4]
_LitobFullNoMb           0x800'0e21  0x10c  Code  Lc  xprintffull_nomb.o [8]
_Locale_lconv           0x2000'0010   0x38  Data  Lc  xlocale_c.o [8]
_PrintfFullNoMb          0x800'00ed  0xd06  Code  Gb  xprintffull_nomb.o [8]
_PutcharFullNoMb         0x800'0f85   0x20  Code  Lc  xprintffull_nomb.o [8]
_PutcharsFullNoMb        0x800'0fa5   0x2e  Code  Lc  xprintffull_nomb.o [8]
_SProut                  0x800'105b    0xa  Code  Gb  xsprout.o [8]
__NVIC_SetPriority       0x800'2d5d   0x1a  Code  Lc  stm32f1xx_hal_cortex.o [6]
__aeabi_cdcmple          0x800'1199         Code  Gb  DblCmpLe.o [9]
__aeabi_cdrcmple         0x800'11cd         Code  Gb  DblCmpGe.o [9]
__aeabi_d2iz             0x800'133d         Code  Gb  DblToS32.o [9]
__aeabi_d2uiz            0x800'1831         Code  Gb  DblToU32.o [9]
__aeabi_ddiv             0x800'15e9         Code  Gb  DblDiv.o [9]
__aeabi_dmul             0x800'1871         Code  Gb  DblMul.o [9]
__aeabi_dsub             0x800'1505         Code  Gb  DblAddSub.o [9]
__aeabi_i2d              0x800'1375         Code  Gb  S32ToDbl.o [9]
__aeabi_ldiv0            0x800'1c5d         Code  Gb  I64DivZer.o [10]
__aeabi_memclr4          0x800'3b9d         Code  Gb  ABImemclr4.o [10]
__aeabi_memset           0x800'34f5         Code  Gb  ABImemset.o [10]
__aeabi_ui2d             0x800'1855         Code  Gb  U32ToDbl.o [9]
__aeabi_uldivmod         0x800'1a25         Code  Gb  I64DivMod.o [10]
__cmain                  0x800'4595         Code  Gb  cmain.o [10]
__exit                   0x800'1c61   0x14  Code  Gb  exit.o [11]
__iar_Fail_s             0x800'1065   0x1c  Code  Gb  xfail_s.o [8]
__iar_Memchr             0x800'10b9         Code  Gb  memchr.o [10]
__iar_Memset             0x800'34f5         Code  Gb  ABImemset.o [10]
__iar_Memset4_word       0x800'431d         Code  Gb  ABImemset48.o [10]
__iar_Memset8_word       0x800'431d         Code  Gb  ABImemset48.o [10]
__iar_Memset_word        0x800'34fd         Code  Gb  ABImemset.o [10]
__iar_Strchr             0x800'1045         Code  Gb  strchr.o [10]
__iar_copy_init3         0x800'101b   0x2a  Code  Gb  copy_init3.o [10]
__iar_data_init3         0x800'4549   0x28  Code  Gb  data_init.o [10]
__iar_frexp              0x800'1135         Code  Gb  frexp.o [9]
__iar_frexp64            0x800'1129         Code  Gb  frexp.o [9]
__iar_frexpl             0x800'1135         Code  Gb  frexp.o [9]
__iar_ldexp64            0x800'1201         Code  Gb  ldexp.o [9]
__iar_program_start      0x800'45c9         Code  Gb  cstartup_M.o [10]
__iar_scalbln64          0x800'1201         Code  Gb  ldexp.o [9]
__iar_scalbn64           0x800'1201         Code  Gb  ldexp.o [9]
__iar_small_Memcpy       0x800'1115         Code  Gb  ABImemcpy_small.o [10]
__iar_small_memcpy       0x800'1111         Code  Gb  ABImemcpy_small.o [10]
__iar_small_memcpy4      0x800'1111         Code  Gb  ABImemcpy_small.o [10]
__iar_small_memcpy8      0x800'1111         Code  Gb  ABImemcpy_small.o [10]
__iar_small_strlen       0x800'10a5         Code  Gb  strlen_small.o [10]
__iar_zero_init3         0x800'4511   0x38  Code  Gb  zero_init3.o [10]
__low_level_init         0x800'45b3    0x4  Code  Gb  low_level_init.o [8]
__vector_table           0x800'0000         Data  Gb  startup_stm32f103xb.o [2]
_call_main               0x800'45a1         Code  Gb  cmain.o [10]
_exit                    0x800'45bd         Code  Gb  cexit.o [10]
abort                    0x800'1c55    0x6  Code  Gb  abort.o [8]
exit                     0x800'45b7    0x4  Code  Gb  exit.o [8]
frexp                    0x800'1129         Code  Gb  frexp.o [9]
frexpl                   0x800'1129         Code  Gb  frexp.o [9]
hiwdg                   0x2000'0308    0xc  Data  Gb  iwdg.o [3]
hspi2                   0x2000'012c   0x58  Data  Gb  spi.o [3]
htim2                   0x2000'0184   0x48  Data  Gb  tim.o [3]
htim3                   0x2000'01cc   0x48  Data  Gb  tim.o [3]
huart1                  0x2000'0214   0x48  Data  Gb  usart.o [3]
huart3                  0x2000'025c   0x48  Data  Gb  usart.o [3]
ldexp                    0x800'1201         Code  Gb  ldexp.o [9]
ldexpl                   0x800'1201         Code  Gb  ldexp.o [9]
localeconv               0x800'1a1d    0x4  Code  Gb  xlocale_c.o [8]
log1                    0x2000'0048   0x78  Data  Gb  log.o [4]
logLen                  0x2000'032b    0x1  Data  Gb  log.o [4]
logTime                 0x2000'0334    0x2  Data  Gb  log.o [4]
main                     0x800'2b1d   0x2e  Code  Gb  main.o [3]
memchr                   0x800'10b9         Code  Gb  memchr.o [10]
memset                   0x800'2b59   0x14  Code  Gb  memset.o [10]
nIRQ_Enable             0x2000'0338    0x1  Data  Gb  si4432.o [7]
recUART1                0x2000'0329    0x1  Data  Gb  board.o [1]
recUART3                0x2000'032a    0x1  Data  Gb  board.o [1]
scalbln                  0x800'1201         Code  Gb  ldexp.o [9]
scalblnl                 0x800'1201         Code  Gb  ldexp.o [9]
scalbn                   0x800'1201         Code  Gb  ldexp.o [9]
scalbnl                  0x800'1201         Code  Gb  ldexp.o [9]
scale                    0x800'0f2d   0x46  Code  Lc  xprintffull_nomb.o [8]
sec_hand                0x2000'0330    0x4  Data  Lc  xfail_s.o [8]
sprintf                  0x800'3a89   0x40  Code  Gb  sprintf.o [8]
strchr                   0x800'1045         Code  Gb  strchr.o [10]
u32TimeConfigRf         0x2000'0320    0x4  Data  Gb  interrupt.o [1]
uwTick                  0x2000'0004    0x4  Data  Gb  stm32f1xx_hal.o [6]
uwTickFreq              0x2000'0000    0x1  Data  Gb  stm32f1xx_hal.o [6]
uwTickPrio              0x2000'0008    0x4  Data  Gb  stm32f1xx_hal.o [6]


[1] = D:\STM\2025_12\Control_Light\EWARM\CONTROL_SHIP_LIGHT\Obj\App\Src
[2] = D:\STM\2025_12\Control_Light\EWARM\CONTROL_SHIP_LIGHT\Obj\Application\EWARM
[3] = D:\STM\2025_12\Control_Light\EWARM\CONTROL_SHIP_LIGHT\Obj\Application\User\Core
[4] = D:\STM\2025_12\Control_Light\EWARM\CONTROL_SHIP_LIGHT\Obj\Common\Src
[5] = D:\STM\2025_12\Control_Light\EWARM\CONTROL_SHIP_LIGHT\Obj\Drivers\CMSIS
[6] = D:\STM\2025_12\Control_Light\EWARM\CONTROL_SHIP_LIGHT\Obj\Drivers\STM32F1xx_HAL_Driver
[7] = D:\STM\2025_12\Control_Light\EWARM\CONTROL_SHIP_LIGHT\Obj\Si4432\Src
[8] = dl7M_tlf.a
[9] = m7M_tl.a
[10] = rt7M_tl.a
[11] = shb_l.a

  17'857 bytes of readonly  code memory
     231 bytes of readonly  data memory
   4'921 bytes of readwrite data memory

Errors: none
Warnings: none
